[19:09:24] start
[19:09:24] start kensetsu-office-desk (try 1)
  (fast-mode toggle not found — proceeding)
prompt sent, waiting for generation...
  ... generating imgs=0
  ... generating imgs=0
  ... generating imgs=0
  ... generating imgs=0
  ... generating imgs=0
  ... generating imgs=0
  ... generating imgs=0
  ... generating imgs=0
  ... generating imgs=0
  ... generating imgs=0
  ... generating imgs=0
  ... generating imgs=0
  ... generating imgs=0
  ... generating imgs=3
  ... generating imgs=3
wrote /Users/kenji/Workspace/hp-lane-v/site/src/photos/work/raw/kensetsu-office-desk.png (2128211 bytes)
[19:10:50] end kensetsu-office-desk try=1 rc=0 size=2128211
[19:10:55] start kensetsu-site-tablet (try 1)
  (fast-mode toggle not found — proceeding)
prompt sent, waiting for generation...
  ... waiting imgs=0
  ... generating imgs=0
  ... generating imgs=0
  ... generating imgs=0
  ... generating imgs=0
  ... generating imgs=0
  ... generating imgs=0
  ... generating imgs=0
  ... generating imgs=0
  ... generating imgs=0
  ... generating imgs=0
  ... generating imgs=3
  ... generating imgs=3
wrote /Users/kenji/Workspace/hp-lane-v/site/src/photos/work/raw/kensetsu-site-tablet.png (1914231 bytes)
[19:12:11] end kensetsu-site-tablet try=1 rc=0 size=1914231
[19:12:16] start kensetsu-phone-inbox (try 1)
  (fast-mode toggle not found — proceeding)
prompt sent, waiting for generation...
  ... waiting imgs=0
  ... generating imgs=0
  ... generating imgs=0
  ... generating imgs=0
  ... generating imgs=0
  ... generating imgs=0
  ... generating imgs=0
  ... generating imgs=0
  ... generating imgs=3
  ... generating imgs=3
wrote /Users/kenji/Workspace/hp-lane-v/site/src/photos/work/raw/kensetsu-phone-inbox.png (1904208 bytes)
[19:13:17] end kensetsu-phone-inbox try=1 rc=0 size=1904208
[19:13:22] start kensetsu-blueprint-desk (try 1)
  (fast-mode toggle not found — proceeding)
prompt sent, waiting for generation...
  ... generating imgs=0
  ... generating imgs=0
  ... generating imgs=0
  ... generating imgs=0
  ... generating imgs=0
  ... generating imgs=0
  ... generating imgs=0
  ... generating imgs=0
  ... generating imgs=0
  ... generating imgs=3
wrote /Users/kenji/Workspace/hp-lane-v/site/src/photos/work/raw/kensetsu-blueprint-desk.png (2396587 bytes)
[19:14:23] end kensetsu-blueprint-desk try=1 rc=0 size=2396587
[19:14:28] start kensetsu-consult (try 1)
  (fast-mode toggle not found — proceeding)
prompt sent, waiting for generation...
  ... generating imgs=0
  ... generating imgs=0
  ... generating imgs=0
  ... generating imgs=0
  ... generating imgs=0
  ... generating imgs=0
  ... generating imgs=0
  ... generating imgs=0
  ... generating imgs=0
  ... generating imgs=3
  ... generating imgs=3
wrote /Users/kenji/Workspace/hp-lane-v/site/src/photos/work/raw/kensetsu-consult.png (2367598 bytes)
[19:15:34] end kensetsu-consult try=1 rc=0 size=2367598
[19:15:39] start kensetsu-exterior (try 1)
  (fast-mode toggle not found — proceeding)
prompt sent, waiting for generation...
  ... generating imgs=0
  ... generating imgs=0
  ... generating imgs=0
  ... generating imgs=0
  ... generating imgs=0
  ... generating imgs=0
  ... generating imgs=0
  ... generating imgs=3
wrote /Users/kenji/Workspace/hp-lane-v/site/src/photos/work/raw/kensetsu-exterior.png (2461644 bytes)
[19:16:29] end kensetsu-exterior try=1 rc=0 size=2461644
[19:16:34] start kensetsu-worker-portrait (try 1)
  (fast-mode toggle not found — proceeding)
prompt sent, waiting for generation...
  ... generating imgs=0
  ... generating imgs=0
  ... generating imgs=0
  ... generating imgs=0
  ... generating imgs=0
  ... generating imgs=0
  ... generating imgs=0
  ... generating imgs=3
wrote /Users/kenji/Workspace/hp-lane-v/site/src/photos/work/raw/kensetsu-worker-portrait.png (1996975 bytes)
[19:17:25] end kensetsu-worker-portrait try=1 rc=0 size=1996975
[19:17:30] start creator-desk (try 1)
  (fast-mode toggle not found — proceeding)
prompt sent, waiting for generation...
  ... generating imgs=0
  ... generating imgs=0
  ... generating imgs=0
  ... generating imgs=0
  ... generating imgs=0
  ... generating imgs=0
  ... generating imgs=6
wrote /Users/kenji/Workspace/hp-lane-v/site/src/photos/work/raw/creator-desk.png (1993128 bytes)
[19:18:16] end creator-desk try=1 rc=0 size=1993128
[19:18:21] ALL DONE
